// Jest Snapshot v1, https://goo.gl/fbAQLP

exports[`<CreateCampaignNickname /> renders and matches snapshot 1`] = `
<div>
  <div
    class="makeStyles-container-1"
  >
    <img
      alt="Person"
      class="makeStyles-person-3"
      src="personTrumpetStandingLeft.png"
    />
    <div
      class="makeStyles-content-2"
    >
      <h1
        class="MuiTypography-root makeStyles-goal-4 MuiTypography-h1"
      >
        Our goal is to bring music in the public domain.
      </h1>
      <div>
        <p
          class="MuiTypography-root makeStyles-body-5 MuiTypography-body1 MuiTypography-paragraph"
        >
          All your contributions to this campaign will be published under a Creative Commons license. 
          <a
            href="https://creativecommons.org/licenses/by/4.0/legalcode"
            rel="noopener noreferrer"
            target="_blank"
          >
            (CC BY 4.0)
          </a>
        </p>
        <p
          class="MuiTypography-root makeStyles-body-5 MuiTypography-body1 MuiTypography-paragraph"
        >
          We'll assign you a random nickname for attribution of your work. If you want a personalized nickname, create one here:
        </p>
        <form
          id="nickname-form"
        >
          <p
            class="MuiTypography-root makeStyles-inputHeader-6 MuiTypography-body1"
          >
            Nickname
          </p>
          <div
            class="MuiFormControl-root MuiTextField-root MuiFormControl-fullWidth"
          >
            <label
              class="MuiFormLabel-root MuiInputLabel-root MuiInputLabel-formControl MuiInputLabel-animated MuiInputLabel-filled"
              data-shrink="false"
            >
              Nickname
            </label>
            <div
              class="MuiInputBase-root MuiFilledInput-root MuiInputBase-fullWidth MuiInputBase-formControl"
            >
              <input
                aria-invalid="false"
                class="MuiInputBase-input MuiFilledInput-input"
                name="nickname"
                placeholder="MahlerLover#1234"
                type="text"
                value=""
              />
            </div>
          </div>
          <p
            class="MuiTypography-root makeStyles-tip-7 MuiTypography-body1"
          >
            Don't use any sensitive data that can be traced back to you. So: no email as nickname, please.
          </p>
          <div
            class="makeStyles-buttons-8"
          >
            <button
              class="MuiButtonBase-root MuiButton-root MuiButton-text"
              tabindex="0"
              type="button"
            >
              <span
                class="MuiButton-label"
              >
                Back
              </span>
              <span
                class="MuiTouchRipple-root"
              />
            </button>
            <button
              class="MuiButtonBase-root MuiButton-root MuiButton-contained MuiButton-containedPrimary"
              form="nickname-form"
              tabindex="0"
              type="submit"
            >
              <span
                class="MuiButton-label"
              >
                I agree and want to continue
              </span>
              <span
                class="MuiTouchRipple-root"
              />
            </button>
          </div>
        </form>
      </div>
    </div>
    <img
      alt="Person"
      class="makeStyles-person-3"
      src="personStandingRight.png"
    />
  </div>
</div>
`;
