// Jest Snapshot v1, https://goo.gl/fbAQLP

exports[`<CreateDigitalDocModal /> renders and matches snapshot 1`] = `
<div
  class="makeStyles-root-1"
>
  <div
    class="MuiDialogTitle-root makeStyles-title-2"
  >
    <h1
      class="MuiTypography-root makeStyles-header-3 MuiTypography-h1"
    >
      Select your own file
    </h1>
  </div>
  <form
    class="makeStyles-container-5"
  >
    <div
      class="MuiDialogContent-root"
    >
      <div
        class="makeStyles-root-9"
      >
        <p
          class="MuiTypography-root MuiTypography-body1"
        >
          Score URL
        </p>
        <div
          class="MuiFormControl-root MuiTextField-root MuiFormControl-fullWidth"
        >
          <label
            class="MuiFormLabel-root MuiInputLabel-root MuiInputLabel-formControl MuiInputLabel-animated MuiInputLabel-filled Mui-required Mui-required"
            data-shrink="false"
          >
            https://...
            <span
              aria-hidden="true"
              class="MuiFormLabel-asterisk MuiInputLabel-asterisk"
            >
               
              *
            </span>
          </label>
          <div
            class="MuiInputBase-root MuiFilledInput-root MuiInputBase-fullWidth MuiInputBase-formControl MuiInputBase-adornedEnd MuiFilledInput-adornedEnd"
          >
            <input
              aria-invalid="false"
              class="MuiInputBase-input MuiFilledInput-input MuiInputBase-inputAdornedEnd MuiFilledInput-inputAdornedEnd"
              name="scoreUrl"
              required=""
              type="url"
              value=""
            />
            <div
              class="MuiInputAdornment-root MuiInputAdornment-filled MuiInputAdornment-positionEnd"
            >
              <button
                class="MuiButtonBase-root MuiButton-root MuiButton-contained MuiButton-containedPrimary"
                tabindex="0"
                type="button"
              >
                <span
                  class="MuiButton-label"
                >
                  Select file
                </span>
                <span
                  class="MuiTouchRipple-root"
                />
              </button>
            </div>
          </div>
        </div>
      </div>
      <div
        class="makeStyles-root-9"
      >
        <p
          class="MuiTypography-root MuiTypography-body1"
        >
          Thumbnail URL
        </p>
        <div
          class="MuiFormControl-root MuiTextField-root MuiFormControl-fullWidth"
        >
          <label
            class="MuiFormLabel-root MuiInputLabel-root MuiInputLabel-formControl MuiInputLabel-animated MuiInputLabel-filled Mui-required Mui-required"
            data-shrink="false"
          >
            https://...
            <span
              aria-hidden="true"
              class="MuiFormLabel-asterisk MuiInputLabel-asterisk"
            >
               
              *
            </span>
          </label>
          <div
            class="MuiInputBase-root MuiFilledInput-root MuiInputBase-fullWidth MuiInputBase-formControl MuiInputBase-adornedEnd MuiFilledInput-adornedEnd"
          >
            <input
              aria-invalid="false"
              class="MuiInputBase-input MuiFilledInput-input MuiInputBase-inputAdornedEnd MuiFilledInput-inputAdornedEnd"
              name="thumbnailUrl"
              required=""
              type="url"
              value=""
            />
            <div
              class="MuiInputAdornment-root MuiInputAdornment-filled MuiInputAdornment-positionEnd"
            >
              <button
                class="MuiButtonBase-root MuiButton-root MuiButton-contained MuiButton-containedPrimary"
                tabindex="0"
                type="button"
              >
                <span
                  class="MuiButton-label"
                >
                  Select file
                </span>
                <span
                  class="MuiTouchRipple-root"
                />
              </button>
            </div>
          </div>
        </div>
      </div>
      <div
        class="makeStyles-root-9"
      >
        <p
          class="MuiTypography-root MuiTypography-body1"
        >
          Score title
        </p>
        <div
          class="MuiFormControl-root MuiTextField-root MuiFormControl-fullWidth"
        >
          <label
            class="MuiFormLabel-root MuiInputLabel-root MuiInputLabel-formControl MuiInputLabel-animated MuiInputLabel-filled Mui-required Mui-required"
            data-shrink="false"
          >
            Score title
            <span
              aria-hidden="true"
              class="MuiFormLabel-asterisk MuiInputLabel-asterisk"
            >
               
              *
            </span>
          </label>
          <div
            class="MuiInputBase-root MuiFilledInput-root MuiInputBase-fullWidth MuiInputBase-formControl"
          >
            <input
              aria-invalid="false"
              class="MuiInputBase-input MuiFilledInput-input"
              name="title"
              required=""
              type="text"
              value=""
            />
          </div>
        </div>
      </div>
      <div
        class="makeStyles-root-9"
      >
        <p
          class="MuiTypography-root MuiTypography-body1"
        >
          Editor
        </p>
        <div
          class="MuiFormControl-root MuiTextField-root MuiFormControl-fullWidth"
        >
          <label
            class="MuiFormLabel-root MuiInputLabel-root MuiInputLabel-formControl MuiInputLabel-animated MuiInputLabel-filled Mui-required Mui-required"
            data-shrink="false"
          >
            Editor
            <span
              aria-hidden="true"
              class="MuiFormLabel-asterisk MuiInputLabel-asterisk"
            >
               
              *
            </span>
          </label>
          <div
            class="MuiInputBase-root MuiFilledInput-root MuiInputBase-fullWidth MuiInputBase-formControl"
          >
            <input
              aria-invalid="false"
              class="MuiInputBase-input MuiFilledInput-input"
              name="creator"
              required=""
              type="text"
              value=""
            />
          </div>
        </div>
      </div>
      <div
        class="makeStyles-root-9"
      >
        <p
          class="MuiTypography-root MuiTypography-body1"
        >
          Copyright license
        </p>
        <div
          class="MuiFormControl-root MuiTextField-root MuiFormControl-fullWidth"
        >
          <label
            class="MuiFormLabel-root MuiInputLabel-root MuiInputLabel-formControl MuiInputLabel-animated MuiInputLabel-filled"
            data-shrink="false"
          >
            Copyright license
          </label>
          <div
            class="MuiInputBase-root MuiFilledInput-root MuiInputBase-fullWidth MuiInputBase-formControl"
          >
            <div
              aria-haspopup="listbox"
              aria-labelledby="mui-component-select-license"
              class="MuiSelect-root MuiSelect-select MuiSelect-selectMenu MuiSelect-filled MuiInputBase-input MuiFilledInput-input"
              id="mui-component-select-license"
              role="button"
              tabindex="0"
            >
              <span>
                ​
              </span>
            </div>
            <input
              aria-hidden="true"
              class="MuiSelect-nativeInput"
              name="license"
              tabindex="-1"
              value=""
            />
            <svg
              aria-hidden="true"
              class="MuiSvgIcon-root MuiSelect-icon MuiSelect-iconFilled"
              focusable="false"
              viewBox="0 0 24 24"
            >
              <path
                d="M7 10l5 5 5-5z"
              />
            </svg>
          </div>
        </div>
      </div>
      <div
        class="makeStyles-root-9"
      >
        <p
          class="MuiTypography-root MuiTypography-body1"
        >
          Language
        </p>
        <div
          class="MuiFormControl-root MuiTextField-root MuiFormControl-fullWidth"
        >
          <label
            class="MuiFormLabel-root MuiInputLabel-root MuiInputLabel-formControl MuiInputLabel-animated MuiInputLabel-filled"
            data-shrink="false"
          >
            Language
          </label>
          <div
            class="MuiInputBase-root MuiFilledInput-root MuiInputBase-fullWidth MuiInputBase-formControl"
          >
            <div
              aria-haspopup="listbox"
              aria-labelledby="mui-component-select-language"
              class="MuiSelect-root MuiSelect-select MuiSelect-selectMenu MuiSelect-filled MuiInputBase-input MuiFilledInput-input"
              id="mui-component-select-language"
              role="button"
              tabindex="0"
            >
              <span>
                ​
              </span>
            </div>
            <input
              aria-hidden="true"
              class="MuiSelect-nativeInput"
              name="language"
              tabindex="-1"
              value=""
            />
            <svg
              aria-hidden="true"
              class="MuiSvgIcon-root MuiSelect-icon MuiSelect-iconFilled"
              focusable="false"
              viewBox="0 0 24 24"
            >
              <path
                d="M7 10l5 5 5-5z"
              />
            </svg>
          </div>
        </div>
      </div>
      <div
        class="makeStyles-root-9"
      >
        <p
          class="MuiTypography-root MuiTypography-body1"
        >
          Miscellaneous Notes
        </p>
        <div
          class="MuiFormControl-root MuiTextField-root MuiFormControl-fullWidth"
        >
          <label
            class="MuiFormLabel-root MuiInputLabel-root MuiInputLabel-formControl MuiInputLabel-animated MuiInputLabel-filled"
            data-shrink="false"
          >
            Miscellaneous Notes
          </label>
          <div
            class="MuiInputBase-root MuiFilledInput-root MuiInputBase-fullWidth MuiInputBase-formControl MuiInputBase-multiline MuiFilledInput-multiline"
          >
            <textarea
              aria-invalid="false"
              class="MuiInputBase-input MuiFilledInput-input MuiInputBase-inputMultiline MuiFilledInput-inputMultiline"
              name="description"
              rows="3"
            />
          </div>
        </div>
      </div>
    </div>
    <div
      class="MuiDialogActions-root MuiDialogActions-spacing"
    >
      <div
        class="makeStyles-buttons-8"
      >
        <button
          class="MuiButtonBase-root MuiButton-root MuiButton-contained MuiButton-containedPrimary"
          tabindex="0"
          type="submit"
        >
          <span
            class="MuiButton-label"
          >
            Upload
          </span>
          <span
            class="MuiTouchRipple-root"
          />
        </button>
      </div>
    </div>
  </form>
</div>
`;
