// Jest Snapshot v1, https://goo.gl/fbAQLP

exports[`<ActiveCampaign /> renders and matches snapshot 1`] = `
<div
  class="makeStyles-section-2"
>
  <span
    class="MuiTypography-root MuiTypography-caption"
  >
    <span
      class="makeStyles-author-1"
    />
     has started this campaign. Help us to improve this score.
  </span>
  <h1
    class="MuiTypography-root MuiTypography-h1"
  />
  <p
    class="MuiTypography-root MuiTypography-body1 MuiTypography-paragraph"
  />
  <div
    class="MuiGrid-root MuiGrid-container makeStyles-actions-7 MuiGrid-spacing-xs-1"
  >
    <div
      class="MuiGrid-root MuiGrid-item MuiGrid-grid-xs-12 MuiGrid-grid-sm-auto"
    >
      <a
        aria-disabled="false"
        class="MuiButtonBase-root MuiButton-root MuiButton-contained MuiButton-containedPrimary"
        href="/campaign/undefined/task"
        role="button"
        tabindex="0"
      >
        <span
          class="MuiButton-label"
        >
          <span
            class="MuiButton-startIcon MuiButton-iconSizeMedium"
          >
            <svg
              aria-hidden="true"
              class="MuiSvgIcon-root"
              focusable="false"
              role="presentation"
              viewBox="0 0 24 24"
            >
              <path
                d="M7.1,18.37 C8.23,19.25 9.58,19.82 11,20 L11,20 L11,22 C9.04,21.79 7.18,21 5.67,19.74 L5.67,19.74 Z M13,2.03 C17.73,2.5 21.5,6.25 21.95,11 C22.5,16.5 18.5,21.38 13,21.93 L13,21.93 L13,19.93 C16.64,19.5 19.5,16.61 19.96,12.97 C20.5,8.58 17.39,4.59 13,4.05 L13,4.05 Z M4.06,13 C4.24,14.42 4.81,15.77 5.69,16.9 L5.69,16.9 L4.27,18.33 C3.03,16.81 2.26,14.96 2.06,13 L2.06,13 Z M16,8 L16,10 L13,10 L13,15 C13,16.1045695 12.1045695,17 11,17 C9.8954305,17 9,16.1045695 9,15 C9,13.8954305 9.8954305,13 11,13 C11.36,13 11.71,13.1 12,13.27 L12,13.27 L12,8 L16,8 Z M4.26,5.67 L5.69,7.1 C4.8,8.23 4.24,9.58 4.05,11 L4.05,11 L2.05,11 C2.25,9.04 3,7.19 4.26,5.67 L4.26,5.67 Z M11,2.06 L11,4.06 C9.57,4.26 8.22,4.84 7.1,5.74 L7.1,5.74 L5.67,4.26 C7.19,3 9.05,2.25 11,2.06 L11,2.06 Z"
              />
            </svg>
          </span>
          Help this campaign
        </span>
        <span
          class="MuiTouchRipple-root"
        />
      </a>
    </div>
    <div
      class="MuiGrid-root MuiGrid-item MuiGrid-grid-xs-12 MuiGrid-grid-sm-auto"
    >
      <button
        class="MuiButtonBase-root MuiButton-root MuiButton-text"
        tabindex="0"
        type="button"
      >
        <span
          class="MuiButton-label"
        >
          <span
            class="MuiButton-startIcon MuiButton-iconSizeMedium"
          >
            <svg
              aria-hidden="true"
              class="MuiSvgIcon-root"
              focusable="false"
              role="presentation"
              viewBox="0 0 24 24"
            >
              <path
                d="M12.95,2 L12.95,4.02 C17.34,4.56 20.45,8.55 19.91,12.94 C19.45,16.58 16.59,19.47 12.95,19.9 L12.95,21.9 C18.45,21.35 22.45,16.47 21.9,10.97 C21.45,6.22 17.68,2.47 12.95,2 M10.95,2.03 C9,2.22 7.14,2.97 5.62,4.23 L7.05,5.71 C8.17,4.81 9.52,4.23 10.95,4.03 L10.95,2.03 M4.21,5.64 C2.95,7.16 2.2,9.01 2,10.97 L4,10.97 C4.19,9.55 4.75,8.2 5.64,7.07 L4.21,5.64 M2.01,12.97 C2.21,14.93 2.98,16.78 4.22,18.3 L5.64,16.87 C4.76,15.74 4.19,14.39 4.01,12.97 L2.01,12.97 M7.05,18.34 L5.62,19.71 C7.13,20.97 8.99,21.76 10.95,21.97 L10.95,19.97 C9.53,19.79 8.18,19.22 7.05,18.34 M14.54,7.97 L11.95,10.56 L9.36,7.97 L7.95,9.38 L10.54,11.97 L7.95,14.56 L9.36,15.97 L11.95,13.38 L14.54,15.97 L15.95,14.56 L13.36,11.97 L15.95,9.38 L14.54,7.97 Z"
              />
            </svg>
          </span>
          Close campaign
        </span>
        <span
          class="MuiTouchRipple-root"
        />
      </button>
    </div>
  </div>
  <span
    class="MuiTypography-root MuiTypography-caption"
  >
    Share this campaign
  </span>
  <div
    class="makeStyles-root-182"
  >
    <div
      class="MuiFormControl-root MuiTextField-root makeStyles-copyField-183"
    >
      <div
        class="MuiInputBase-root MuiFilledInput-root MuiInputBase-formControl MuiInputBase-adornedEnd MuiFilledInput-adornedEnd makeStyles-copyFieldAdornedEnd-185 MuiInputBase-marginDense MuiFilledInput-marginDense"
      >
        <input
          aria-invalid="false"
          class="MuiInputBase-input MuiFilledInput-input makeStyles-copyFieldInput-184 MuiInputBase-inputAdornedEnd MuiFilledInput-inputAdornedEnd MuiInputBase-inputMarginDense MuiFilledInput-inputMarginDense makeStyles-copyFieldInputMarginDense-186"
          type="text"
          value="http://localhost/"
        />
        <span
          class="makeStyles-copyText-187"
        >
          Copy
        </span>
      </div>
    </div>
  </div>
</div>
`;
