// Jest Snapshot v1, https://goo.gl/fbAQLP

exports[`<ActiveCampaignOverviewSection /> renders and matches snapshot 1`] = `
<div
  aria-label="campaigns"
  class="makeStyles-root-1"
>
  <h2
    class="MuiTypography-root makeStyles-heading-2 MuiTypography-h2"
  >
    Active campaigns
  </h2>
  <div
    class="slider"
    style="box-sizing: border-box; display: block; height: inherit; position: relative; width: 100%;"
    tabindex="0"
  >
    <div
      aria-atomic="true"
      aria-live="polite"
      style="position: absolute; left: -10000px; width: 1px; height: 1px; overflow: hidden;"
      tabindex="-1"
    >
      Slide 1 of 1
    </div>
    <div
      class="slider-frame"
      style="box-sizing: border-box; display: block; height: 100%; margin: 20px 25px 0px 25px; overflow: hidden; padding: 0px; position: relative; transform: translate3d(0, 0, 0);"
    >
      <ul
        class="slider-list"
        style="box-sizing: border-box; cursor: pointer; display: block; height: 0px; margin: 0px -8px; padding: 0px; position: relative; transform: translate3d(0px, 0px, 0); width: auto;"
      >
        <li
          class="slider-slide slide-visible slide-current"
          style="box-sizing: border-box; display: inline-block; height: auto; left: 0px; list-style-type: none; margin: auto 8px auto 8px; position: absolute; top: 0px; transform: scale(1); transition: transform .4s linear; vertical-align: top; width: -10.666666666666664px;"
          tabindex="-1"
        >
          <div
            aria-hidden="false"
            tabindex="0"
          >
            cc
          </div>
        </li>
      </ul>
    </div>
    <div
      class="slider-control-bottomcenter"
      style="position: absolute; bottom: 0px; left: 50%; transform: translateX(-50%);"
    >
      <ul
        style="position: relative; top: -10px; display: flex; margin: 0px; padding: 0px; list-style-type: none;"
      >
        <li
          class="paging-item active"
        >
          <button
            aria-label="slide 1 bullet"
            style="cursor: pointer; opacity: 1; background: transparent; fill: black;"
            type="button"
          >
            <svg
              class="paging-dot"
              height="6"
              width="6"
            >
              <circle
                cx="3"
                cy="3"
                r="3"
              />
            </svg>
          </button>
        </li>
      </ul>
    </div>
    <style
      type="text/css"
    >
      .slider-slide &gt; img { width: 100%; display: block; }
          .slider-slide &gt; img:focus { margin: auto; }
    </style>
  </div>
</div>
`;
