// Jest Snapshot v1, https://goo.gl/fbAQLP

exports[`<NavBar /> renders and matches snapshot 1`] = `
<div
  class="makeStyles-mobile-4"
>
  <header
    class="MuiPaper-root MuiAppBar-root MuiAppBar-positionFixed MuiAppBar-colorPrimary mui-fixed MuiPaper-elevation4"
  >
    <div
      class="MuiToolbar-root MuiToolbar-dense makeStyles-dense-9 makeStyles-mobile-17 MuiToolbar-gutters"
    >
      <div
        class="makeStyles-hamburger-18"
      >
        <span
          aria-disabled="false"
          aria-label="menu"
          class="MuiButtonBase-root MuiIconButton-root"
          role="button"
          tabindex="0"
        >
          <span
            class="MuiIconButton-label"
          >
            <svg
              aria-hidden="true"
              class="MuiSvgIcon-root"
              focusable="false"
              role="presentation"
              viewBox="0 0 24 24"
            >
              <path
                d="M3 18h18v-2H3v2zm0-5h18v-2H3v2zm0-7v2h18V6H3z"
              />
            </svg>
          </span>
          <span
            class="MuiTouchRipple-root"
          />
        </span>
      </div>
      <a
        href="/"
        rel="noopener noreferrer"
      >
        <img
          alt="Trompa logo"
          class="makeStyles-logo-11"
          src="[object Object]"
        />
      </a>
    </div>
  </header>
  <div
    class="PrivateSwipeArea-root-134 PrivateSwipeArea-anchorLeft-135"
    style="width: 20px;"
  />
</div>
`;
