// Jest Snapshot v1, https://goo.gl/fbAQLP

exports[`<ActiveTask /> renders and matches snapshot 1`] = `
<header
  class="MuiPaper-root MuiAppBar-root MuiAppBar-positionRelative MuiAppBar-colorPrimary MuiPaper-elevation4"
>
  <div
    class="MuiToolbar-root MuiToolbar-dense makeStyles-dense-3 MuiToolbar-gutters"
  >
    <div
      class="makeStyles-header-7"
    >
      <svg
        aria-hidden="true"
        class="MuiSvgIcon-root makeStyles-backIcon-8"
        focusable="false"
        role="presentation"
        viewBox="0 0 24 24"
      >
        <path
          d="M20 11H7.83l5.59-5.59L12 4l-8 8 8 8 1.41-1.41L7.83 13H20v-2z"
        />
      </svg>
      <div
        class="makeStyles-heading-4"
      >
        <a
          class="makeStyles-link-6"
          href="/campaign/"
        >
          <h6
            class="MuiTypography-root makeStyles-pageType-9 MuiTypography-h6 MuiTypography-colorSecondary"
          >
            Unknown Type
          </h6>
          <h5
            class="MuiTypography-root makeStyles-title-10 MuiTypography-h5 MuiTypography-noWrap"
          >
            Unknown Campaign
          </h5>
        </a>
      </div>
    </div>
  </div>
</header>
`;
