// Jest Snapshot v1, https://goo.gl/fbAQLP

exports[`<SelectScoreItem /> renders and matches snapshot 1`] = `
<div
  class="MuiPaper-root MuiCard-root makeStyles-item-1 MuiPaper-elevation2 MuiPaper-rounded"
>
  <div
    class="MuiBox-root MuiBox-root-12 makeStyles-imgBox-2"
  >
    <div
      class="MuiAvatar-root MuiAvatar-circle makeStyles-img-3 MuiAvatar-colorDefault"
    >
      <svg
        aria-hidden="true"
        class="MuiSvgIcon-root"
        focusable="false"
        viewBox="0 0 20 20"
      >
        <g
          fill="none"
          fill-rule="evenodd"
          stroke="none"
          stroke-width="1"
        >
          <rect
            height="20"
            id="Rectangle"
            width="20"
            x="0"
            y="0"
          />
          <g
            id="Group-5"
            transform="translate(2.500000, 0.000000)"
          >
            <rect
              fill="#FFFFFF"
              height="19.9915842"
              id="Container"
              rx="0.198019802"
              width="14.1584158"
              x="0"
              y="0"
            />
            <g
              fill="#E6EAED"
              id="Group-3"
              transform="translate(1.039604, 3.861386)"
            >
              <path
                d="M0.851485149,2.13861386 C0.933507636,2.13861386 1,2.20510623 1,2.28712871 L1,2.99009901 C1,3.0721215 0.933507636,3.13861386 0.851485149,3.13861386 L0.148514851,3.13861386 C0.0664923639,3.13861386 -4.54737306e-13,3.0721215 -4.54747351e-13,2.99009901 L-4.54747351e-13,2.28712871 C-4.54757396e-13,2.20510623 0.0664923639,2.13861386 0.148514851,2.13861386 L0.851485149,2.13861386 Z M11.8118812,2.13861386 C11.8939037,2.13861386 11.960396,2.20510623 11.960396,2.28712871 L11.960396,2.99009901 C11.960396,3.0721215 11.8939037,3.13861386 11.8118812,3.13861386 L2.10891089,3.13861386 C2.0268884,3.13861386 1.96039604,3.0721215 1.96039604,2.99009901 L1.96039604,2.28712871 C1.96039604,2.20510623 2.0268884,2.13861386 2.10891089,2.13861386 L11.8118812,2.13861386 Z"
                id="Combined-Shape"
              />
              <path
                d="M0.851485149,4.13861386 C0.933507636,4.13861386 1,4.20510623 1,4.28712871 L1,4.99009901 C1,5.0721215 0.933507636,5.13861386 0.851485149,5.13861386 L0.148514851,5.13861386 C0.0664923639,5.13861386 -4.54737306e-13,5.0721215 -4.54747351e-13,4.99009901 L-4.54747351e-13,4.28712871 C-4.54757396e-13,4.20510623 0.0664923639,4.13861386 0.148514851,4.13861386 L0.851485149,4.13861386 Z M11.8118812,4.13861386 C11.8939037,4.13861386 11.960396,4.20510623 11.960396,4.28712871 L11.960396,4.99009901 C11.960396,5.0721215 11.8939037,5.13861386 11.8118812,5.13861386 L2.10891089,5.13861386 C2.0268884,5.13861386 1.96039604,5.0721215 1.96039604,4.99009901 L1.96039604,4.28712871 C1.96039604,4.20510623 2.0268884,4.13861386 2.10891089,4.13861386 L11.8118812,4.13861386 Z"
                id="Combined-Shape-Copy-2"
              />
              <path
                d="M0.851485149,6.13861386 C0.933507636,6.13861386 1,6.20510623 1,6.28712871 L1,6.99009901 C1,7.0721215 0.933507636,7.13861386 0.851485149,7.13861386 L0.148514851,7.13861386 C0.0664923639,7.13861386 -4.54737306e-13,7.0721215 -4.54747351e-13,6.99009901 L-4.54747351e-13,6.28712871 C-4.54757396e-13,6.20510623 0.0664923639,6.13861386 0.148514851,6.13861386 L0.851485149,6.13861386 Z M11.8118812,6.13861386 C11.8939037,6.13861386 11.960396,6.20510623 11.960396,6.28712871 L11.960396,6.99009901 C11.960396,7.0721215 11.8939037,7.13861386 11.8118812,7.13861386 L2.10891089,7.13861386 C2.0268884,7.13861386 1.96039604,7.0721215 1.96039604,6.99009901 L1.96039604,6.28712871 C1.96039604,6.20510623 2.0268884,6.13861386 2.10891089,6.13861386 L11.8118812,6.13861386 Z"
                id="Combined-Shape-Copy-3"
              />
              <path
                d="M0.851485149,8.13861386 C0.933507636,8.13861386 1,8.20510623 1,8.28712871 L1,8.99009901 C1,9.0721215 0.933507636,9.13861386 0.851485149,9.13861386 L0.148514851,9.13861386 C0.0664923639,9.13861386 -4.54737306e-13,9.0721215 -4.54747351e-13,8.99009901 L-4.54747351e-13,8.28712871 C-4.54757396e-13,8.20510623 0.0664923639,8.13861386 0.148514851,8.13861386 L0.851485149,8.13861386 Z M11.8118812,8.13861386 C11.8939037,8.13861386 11.960396,8.20510623 11.960396,8.28712871 L11.960396,8.99009901 C11.960396,9.0721215 11.8939037,9.13861386 11.8118812,9.13861386 L2.10891089,9.13861386 C2.0268884,9.13861386 1.96039604,9.0721215 1.96039604,8.99009901 L1.96039604,8.28712871 C1.96039604,8.20510623 2.0268884,8.13861386 2.10891089,8.13861386 L11.8118812,8.13861386 Z"
                id="Combined-Shape-Copy-4"
              />
              <path
                d="M0.851485149,10.1386139 C0.933507636,10.1386139 1,10.2051062 1,10.2871287 L1,10.990099 C1,11.0721215 0.933507636,11.1386139 0.851485149,11.1386139 L0.148514851,11.1386139 C0.0664923639,11.1386139 -4.54737306e-13,11.0721215 -4.54747351e-13,10.990099 L-4.54747351e-13,10.2871287 C-4.54757396e-13,10.2051062 0.0664923639,10.1386139 0.148514851,10.1386139 L0.851485149,10.1386139 Z M11.8118812,10.1386139 C11.8939037,10.1386139 11.960396,10.2051062 11.960396,10.2871287 L11.960396,10.990099 C11.960396,11.0721215 11.8939037,11.1386139 11.8118812,11.1386139 L2.10891089,11.1386139 C2.0268884,11.1386139 1.96039604,11.0721215 1.96039604,10.990099 L1.96039604,10.2871287 C1.96039604,10.2051062 2.0268884,10.1386139 2.10891089,10.1386139 L11.8118812,10.1386139 Z"
                id="Combined-Shape-Copy-5"
              />
              <path
                d="M0.851485149,12.1386139 C0.933507636,12.1386139 1,12.2051062 1,12.2871287 L1,12.990099 C1,13.0721215 0.933507636,13.1386139 0.851485149,13.1386139 L0.148514851,13.1386139 C0.0664923639,13.1386139 -4.54737306e-13,13.0721215 -4.54747351e-13,12.990099 L-4.54747351e-13,12.2871287 C-4.54757396e-13,12.2051062 0.0664923639,12.1386139 0.148514851,12.1386139 L0.851485149,12.1386139 Z M11.8118812,12.1386139 C11.8939037,12.1386139 11.960396,12.2051062 11.960396,12.2871287 L11.960396,12.990099 C11.960396,13.0721215 11.8939037,13.1386139 11.8118812,13.1386139 L2.10891089,13.1386139 C2.0268884,13.1386139 1.96039604,13.0721215 1.96039604,12.990099 L1.96039604,12.2871287 C1.96039604,12.2051062 2.0268884,12.1386139 2.10891089,12.1386139 L11.8118812,12.1386139 Z"
                id="Combined-Shape-Copy-6"
              />
              <path
                d="M0.851485149,14.1386139 C0.933507636,14.1386139 1,14.2051062 1,14.2871287 L1,14.990099 C1,15.0721215 0.933507636,15.1386139 0.851485149,15.1386139 L0.148514851,15.1386139 C0.0664923639,15.1386139 -4.54737306e-13,15.0721215 -4.54747351e-13,14.990099 L-4.54747351e-13,14.2871287 C-4.54757396e-13,14.2051062 0.0664923639,14.1386139 0.148514851,14.1386139 L0.851485149,14.1386139 Z M11.8118812,14.1386139 C11.8939037,14.1386139 11.960396,14.2051062 11.960396,14.2871287 L11.960396,14.990099 C11.960396,15.0721215 11.8939037,15.1386139 11.8118812,15.1386139 L2.10891089,15.1386139 C2.0268884,15.1386139 1.96039604,15.0721215 1.96039604,14.990099 L1.96039604,14.2871287 C1.96039604,14.2051062 2.0268884,14.1386139 2.10891089,14.1386139 L11.8118812,14.1386139 Z"
                id="Combined-Shape-Copy-7"
              />
              <path
                d="M0.851485149,0.138613861 C0.933507636,0.138613861 1,0.205106225 1,0.287128713 L1,0.99009901 C1,1.0721215 0.933507636,1.13861386 0.851485149,1.13861386 L0.148514851,1.13861386 C0.0664923639,1.13861386 -4.54737306e-13,1.0721215 -4.54747351e-13,0.99009901 L-4.54747351e-13,0.287128713 C-4.54757396e-13,0.205106225 0.0664923639,0.138613861 0.148514851,0.138613861 L0.851485149,0.138613861 Z M11.8118812,0.138613861 C11.8939037,0.138613861 11.960396,0.205106225 11.960396,0.287128713 L11.960396,0.99009901 C11.960396,1.0721215 11.8939037,1.13861386 11.8118812,1.13861386 L2.10891089,1.13861386 C2.0268884,1.13861386 1.96039604,1.0721215 1.96039604,0.99009901 L1.96039604,0.287128713 C1.96039604,0.205106225 2.0268884,0.138613861 2.10891089,0.138613861 L11.8118812,0.138613861 Z"
                id="Combined-Shape-Copy"
              />
            </g>
            <rect
              fill="#AFB9C5"
              height="1"
              id="Label"
              rx="0.148514851"
              width="11.7114569"
              x="1.22347949"
              y="1.38613861"
            />
            <rect
              fill="#C5CFD6"
              height="1"
              id="Label"
              rx="0.148514851"
              width="5.60113154"
              x="4.27864215"
              y="2.32673267"
            />
          </g>
        </g>
      </svg>
    </div>
  </div>
  <div
    class="MuiBox-root MuiBox-root-13 makeStyles-itemMain-4"
  >
    <div
      class="MuiBox-root MuiBox-root-14 makeStyles-itemHeader-5"
    >
      <h3
        class="MuiTypography-root MuiTypography-h3 MuiTypography-colorPrimary"
      />
      <div
        class="MuiBox-root MuiBox-root-15 makeStyles-itemButtonBox-6"
      />
    </div>
    <div
      class="MuiBox-root MuiBox-root-16"
    >
      <p
        class="MuiTypography-root MuiTypography-body1"
      />
      <p
        class="MuiTypography-root makeStyles-itemDescription-7 MuiTypography-body2"
      />
      <p
        class="MuiTypography-root MuiTypography-body1"
      />
    </div>
  </div>
</div>
`;
